#-----------------------------------------------------------
# Vivado v2024.1 (64-bit)
# SW Build 5076996 on Wed May 22 18:37:14 MDT 2024
# IP Build 5075265 on Wed May 22 21:45:21 MDT 2024
# SharedData Build 5076995 on Wed May 22 18:29:18 MDT 2024
# Start of session at: Sat Nov  8 20:11:47 2025
# Process ID: 25852
# Current directory: C:/Users/anayf/ALU_Project/ALU_Project.runs/synth_1
# Command line: vivado.exe -log shift_right.vds -product Vivado -mode batch -messageDb vivado.pb -notrace -source shift_right.tcl
# Log file: C:/Users/anayf/ALU_Project/ALU_Project.runs/synth_1/shift_right.vds
# Journal file: C:/Users/anayf/ALU_Project/ALU_Project.runs/synth_1\vivado.jou
# Running On        :DESKTOP-B4QI03S
# Platform          :Windows Server 2016 or Windows 10
# Operating System  :26200
# Processor Detail  :AMD Ryzen 7 5825U with Radeon Graphics         
# CPU Frequency     :1996 MHz
# CPU Physical cores:8
# CPU Logical cores :16
# Host memory       :15919 MB
# Swap memory       :9126 MB
# Total Virtual     :25046 MB
# Available Virtual :7975 MB
#-----------------------------------------------------------
source shift_right.tcl -notrace
